// Jest Snapshot v1, https://goo.gl/fbAQLP

exports[`Container it matches the snapshot 1`] = `
<div
  className="test"
>
  <p>
    Test
  </p>
  <p>
    Test
  </p>
</div>
`;
