// Jest Snapshot v1, https://goo.gl/fbAQLP

exports[`Button container it matches the snapshot 1`] = `
<button
  className="button-container undefined"
  tabIndex="0"
  type="button"
/>
`;
